15:21:32 eval-fail streak=1
15:21:46 eval-fail streak=2
15:21:46 PAGE-DEAD: recover + reopen + reinject at page 1
15:22:50 reinject failed, wait 30
15:23:20 eval-fail streak=3
15:23:20 PAGE-DEAD: recover + reopen + reinject at page 1
15:24:06 eval-fail streak=1
15:24:19 eval-fail streak=2
15:24:19 PAGE-DEAD: recover + reopen + reinject at page 1
15:24:52 reinject failed, wait 30
15:26:19 worker-dead streak=1, recover+reinject at page 1
15:26:45 reinject-failed, wait 30s
15:27:16 worker-dead streak=2, recover+reinject at page 1
15:30:12 lists=210/10530(2.0min) hover=33 herr=0 q=174 lp=8
15:30:49 lists=420/10530(4.0min) hover=117 herr=0 q=300 lp=15
15:31:27 lists=600/10530(5.7min) hover=198 herr=0 q=399 lp=21
15:32:29 lists=780/10530(7.4min) hover=279 herr=6 q=492 lp=26
15:34:05 lists=990/10530(9.4min) hover=378 herr=12 q=597 lp=40
15:34:51 lists=1320/10530(12.5min) hover=474 herr=12 q=831 lp=51
15:35:46 lists=1500/10530(14.2min) hover=543 herr=12 q=942 lp=57
15:36:59 lists=1740/10530(16.5min) hover=624 herr=12 q=1101 lp=64
15:37:49 lists=1980/10530(18.8min) hover=720 herr=12 q=1245 lp=73
