17:03:22 worker-dead streak=1, recover+reinject START=1 PREQ-miss=0
17:04:04 lists=60/2700(2.2%) +60 hover=21 +21 q=21 lp=2 herr=0 err=
17:04:38 lists=270/2700(10.0%) +210 hover=96 +75 q=144 lp=11 herr=9 err=H:Error: H429
17:05:15 lists=500/2700(18.5%) +230 hover=186 +90 q=294 lp=19 herr=12 err=H:Error: H429
17:05:54 lists=720/2700(26.7%) +220 hover=270 +84 q=417 lp=26 herr=18 err=H:Error: H429
17:06:36 lists=990/2700(36.7%) +270 hover=380 +110 q=579 lp=34 herr=21 err=H:Error: H429
17:07:20 lists=1230/2700(45.6%) +240 hover=489 +109 q=687 lp=44 herr=24 err=H:Error: H429
17:08:04 lists=1440/2700(53.3%) +210 hover=600 +111 q=810 lp=52 herr=33 err=H:Error: H429
17:08:48 lists=1710/2700(63.3%) +270 hover=708 +108 q=939 lp=65 herr=36 err=L:Error: HTTP429 p63
17:09:49 lists=2000/2700(74.1%) +290 hover=800 +92 q=1059 lp=73 herr=39 err=H:Error: H429
17:10:44 lists=2250/2700(83.3%) +250 hover=963 +163 q=1203 lp=82 herr=42 err=H:Error: H429
17:11:34 lists=2401/2700(88.9%) +151 hover=1107 +144 q=1288 lp=90 herr=57 err=H:Error: H429
17:12:24 lists=2401/2700(88.9%) +0 hover=1242 +135 q=1132 lp=90 herr=75 err=H:Error: H429
17:13:09 lists=2401/2700(88.9%) +0 hover=1377 +135 q=967 lp=90 herr=96 err=H:Error: H429
17:13:58 lists=2401/2700(88.9%) +0 hover=1515 +138 q=817 lp=90 herr=117 err=H:Error: H429
17:14:48 lists=2401/2700(88.9%) +0 hover=1600 +85 q=670 lp=90 herr=132 err=H:Error: H429
17:15:38 lists=2401/2700(88.9%) +0 hover=1797 +197 q=523 lp=90 herr=138 err=H:Error: H429
17:16:13 chunk-read-fail at 500, retry next cycle
17:16:22 lists=2401/2700(88.9%) +0 hover=1912 +115 q=355 lp=90 herr=167 err=H:Error: H429
17:17:12 lists=2401/2700(88.9%) +0 hover=2056 +144 q=220 lp=90 herr=179 err=H:Error: H429
17:17:58 lists=2401/2700(88.9%) +0 hover=2180 +124 q=43 lp=90 herr=212 err=H:Error: H429
17:18:36 lists=2401/2700(88.9%) +0 hover=2180 +0 q=0 lp=90 herr=221 err=H:Error: H429
17:19:14 lists=2401/2700(88.9%) +0 hover=2180 +0 q=0 lp=90 herr=221 err=H:Error: H429
17:19:52 lists=2401/2700(88.9%) +0 hover=2180 +0 q=0 lp=90 herr=221 err=H:Error: H429
17:19:52 ALL-DONE lists=2401 hover=2180
17:19:52 DRIVE-EXIT
