15:40:44 worker-dead streak=1, recover+reinject at page 1
15:41:25 lists=30/10530(0.3%) hover=9 herr=0 q=18 lp=2
15:42:07 lists=240/10530(2.3%) hover=108 herr=3 q=126 lp=9
15:42:42 lists=360/10530(3.4%) hover=180 herr=3 q=174 lp=13
15:43:15 lists=540/10530(5.1%) hover=264 herr=3 q=270 lp=19
15:43:49 lists=720/10530(6.8%) hover=339 herr=6 q=372 lp=25
15:44:26 lists=870/10530(8.3%) hover=422 herr=6 q=441 lp=30
15:45:02 lists=1080/10530(10.3%) hover=506 herr=12 q=561 lp=37
15:45:41 lists=1260/10530(12.0%) hover=579 herr=12 q=666 lp=43
15:46:17 lists=1440/10530(13.7%) hover=675 herr=15 q=747 lp=52
15:46:58 lists=1620/10530(15.4%) hover=756 herr=15 q=846 lp=57
15:47:36 lists=1830/10530(17.4%) hover=864 herr=15 q=948 lp=65
15:48:11 lists=2010/10530(19.1%) hover=945 herr=15 q=1047 lp=71
15:48:49 lists=2160/10530(20.5%) hover=1024 herr=15 q=1119 lp=77
15:49:34 lists=2310/10530(21.9%) hover=1109 herr=15 q=1185 lp=82
15:50:09 lists=2520/10530(23.9%) hover=1211 herr=18 q=1290 lp=89
15:50:51 lists=2670/10530(25.4%) hover=1286 herr=18 q=1365 lp=94
15:51:25 lists=2850/10530(27.1%) hover=1374 herr=18 q=1455 lp=100
15:52:06 lists=3030/10530(28.8%) hover=1458 herr=18 q=1551 lp=106
15:52:43 lists=3240/10530(30.8%) hover=1558 herr=21 q=1659 lp=113
15:53:23 lists=3450/10530(32.8%) hover=1656 herr=21 q=1770 lp=120
15:54:04 lists=3630/10530(34.5%) hover=1743 herr=27 q=1857 lp=129
15:54:41 lists=3810/10530(36.2%) hover=1839 herr=27 q=1941 lp=135
15:55:17 lists=3960/10530(37.6%) hover=1916 herr=27 q=2016 lp=140
15:55:56 lists=4140/10530(39.3%) hover=2004 herr=30 q=2103 lp=146
15:56:37 lists=4320/10530(41.0%) hover=2102 herr=37 q=2178 lp=158
15:57:13 lists=4500/10530(42.7%) hover=2191 herr=37 q=2271 lp=164
15:57:58 lists=4710/10530(44.7%) hover=2291 herr=37 q=2379 lp=171
15:58:31 lists=4890/10530(46.4%) hover=2375 herr=37 q=2475 lp=177
15:59:08 lists=5010/10530(47.6%) hover=2443 herr=37 q=2529 lp=181
15:59:50 lists=5220/10530(49.6%) hover=2534 herr=40 q=2643 lp=188
16:00:28 lists=5490/10530(52.1%) hover=2603 herr=40 q=2844 lp=197
16:01:02 lists=5640/10530(53.6%) hover=2678 herr=40 q=2919 lp=202
16:01:48 lists=5790/10530(55.0%) hover=2756 herr=40 q=2991 lp=207
16:02:27 lists=6000/10530(57.0%) hover=2849 herr=43 q=3105 lp=214
16:02:56 worker-dead streak=1, recover+reinject at page 201
16:03:34 lists=6000/10530(57.0%) hover=2849 herr=0 q=138 lp=205
16:04:04 lists=6000/10530(57.0%) hover=2849 herr=15 q=321 lp=222
16:04:32 lists=6000/10530(57.0%) hover=2849 herr=15 q=402 lp=227
16:05:02 lists=6000/10530(57.0%) hover=2849 herr=15 q=486 lp=232
16:05:33 lists=6000/10530(57.0%) hover=2849 herr=18 q=537 lp=237
16:06:08 lists=6000/10530(57.0%) hover=2849 herr=18 q=645 lp=243
16:06:49 lists=6000/10530(57.0%) hover=2849 herr=18 q=756 lp=249
16:07:22 lists=6000/10530(57.0%) hover=2849 herr=18 q=807 lp=253
16:07:55 lists=6000/10530(57.0%) hover=2849 herr=18 q=888 lp=258
16:08:28 lists=6000/10530(57.0%) hover=2849 herr=18 q=993 lp=264
16:08:59 lists=6000/10530(57.0%) hover=2849 herr=18 q=1050 lp=268
16:09:45 lists=7680/10530(72.9%) +1680 hover=3641 +792 q=1152 lp=274 herr=18 err=H:Error: H429
16:10:48 lists=7920/10530(75.2%) +240 hover=3772 +131 q=1197 lp=278 herr=18 err=H:Error: H429
16:11:51 lists=8160/10530(77.5%) +240 hover=3889 +117 q=1344 lp=287 herr=18 err=H:Error: H429
16:13:01 lists=8550/10530(81.2%) +390 hover=4046 +157 q=1530 lp=298 herr=21 err=H:Error: H429
16:13:58 lists=8730/10530(82.9%) +180 hover=4166 +120 q=1689 lp=308 herr=21 err=H:Error: H429
16:15:01 lists=9090/10530(86.3%) +360 hover=4301 +135 q=1815 lp=316 herr=21 err=H:Error: H429
16:16:15 lists=9420/10530(89.5%) +330 hover=4449 +148 q=2001 lp=327 herr=21 err=H:Error: H429
16:17:24 lists=9630/10530(91.5%) +210 hover=4586 +137 q=2118 lp=336 herr=21 err=H:Error: H429
16:18:39 lists=9930/10530(94.3%) +300 hover=4732 +146 q=2259 lp=345 herr=21 err=H:Error: H429
16:19:43 lists=10000/10530(95.0%) +70 hover=4907 +175 q=2275 lp=351 herr=27 err=H:Error: H429
16:20:50 lists=10000/10530(95.0%) +0 hover=5072 +165 q=2086 lp=351 herr=48 err=H:Error: H429
16:21:53 lists=10000/10530(95.0%) +0 hover=5247 +175 q=1888 lp=351 herr=68 err=H:Error: H429
16:23:01 lists=10000/10530(95.0%) +0 hover=5433 +186 q=1708 lp=351 herr=77 err=H:Error: H429
16:24:14 lists=10000/10530(95.0%) +0 hover=5607 +174 q=1510 lp=351 herr=92 err=H:Error: H429
16:25:37 lists=10000/10530(95.0%) +0 hover=5780 +173 q=1318 lp=351 herr=104 err=H:Error: H429
16:26:53 lists=10000/10530(95.0%) +0 hover=5964 +184 q=1153 lp=351 herr=104 err=H:Error: H429
16:27:40 lists=10000/10530(95.0%) +0 hover=5975 +11 q=1036 lp=351 herr=107 err=H:Error: H429
16:28:27 lists=10000/10530(95.0%) +0 hover=5975 +0 q=1036 lp=351 herr=107 err=H:Error: H429
16:29:17 lists=10000/10530(95.0%) +0 hover=5975 +0 q=1036 lp=351 herr=107 err=H:Error: H429
16:30:05 lists=10000/10530(95.0%) +0 hover=5975 +0 q=1036 lp=351 herr=107 err=H:Error: H429
16:30:52 lists=10000/10530(95.0%) +0 hover=5975 +0 q=1036 lp=351 herr=107 err=H:Error: H429
16:31:39 lists=10000/10530(95.0%) +0 hover=5975 +0 q=1036 lp=351 herr=107 err=H:Error: H429
16:32:22 worker-dead streak=1, recover+reinject START=334 PREQ-miss=4025
16:33:09 lists=10000/10530(95.0%) +0 hover=6014 +39 q=4004 lp=336 herr=0 err=
16:33:41 lists=10000/10530(95.0%) +0 hover=6107 +93 q=3896 lp=344 herr=9 err=H:Error: H429
16:34:21 lists=10000/10530(95.0%) +0 hover=6188 +81 q=3817 lp=350 herr=12 err=H:Error: H429
16:34:58 lists=10000/10530(95.0%) +0 hover=6297 +109 q=3706 lp=351 herr=26 err=H:Error: H429
16:35:36 lists=10000/10530(95.0%) +0 hover=6405 +108 q=3598 lp=351 herr=29 err=H:Error: H429
16:36:15 lists=10000/10530(95.0%) +0 hover=6510 +105 q=3478 lp=351 herr=47 err=H:Error: H429
16:36:52 lists=10000/10530(95.0%) +0 hover=6618 +108 q=3364 lp=351 herr=50 err=H:Error: H429
16:37:31 lists=10000/10530(95.0%) +0 hover=6714 +96 q=3256 lp=351 herr=56 err=H:Error: H429
16:38:11 lists=10000/10530(95.0%) +0 hover=6822 +108 q=3145 lp=351 herr=68 err=H:Error: H429
16:38:53 lists=10000/10530(95.0%) +0 hover=6930 +108 q=3040 lp=351 herr=71 err=H:Error: H429
16:39:34 lists=10000/10530(95.0%) +0 hover=7044 +114 q=2917 lp=351 herr=83 err=H:Error: H429
16:40:12 lists=10000/10530(95.0%) +0 hover=7147 +103 q=2791 lp=351 herr=93 err=H:Error: H429
16:40:52 lists=10000/10530(95.0%) +0 hover=7235 +88 q=2710 lp=351 herr=93 err=H:Error: H429
16:41:33 lists=10000/10530(95.0%) +0 hover=7342 +107 q=2599 lp=351 herr=99 err=H:Error: H429
16:42:14 lists=10000/10530(95.0%) +0 hover=7445 +103 q=2485 lp=351 herr=108 err=H:Error: H429
16:42:55 lists=10000/10530(95.0%) +0 hover=7556 +111 q=2374 lp=351 herr=111 err=H:Error: H429
16:43:38 lists=10000/10530(95.0%) +0 hover=7673 +117 q=2248 lp=351 herr=129 err=H:Error: H429
16:44:18 lists=10000/10530(95.0%) +0 hover=7784 +111 q=2119 lp=351 herr=135 err=H:Error: H429
16:44:57 lists=10000/10530(95.0%) +0 hover=7880 +96 q=1999 lp=351 herr=153 err=H:Error: H429
16:45:39 lists=10000/10530(95.0%) +0 hover=8001 +121 q=1885 lp=351 herr=159 err=H:Error: H429
16:46:23 lists=10000/10530(95.0%) +0 hover=8123 +122 q=1756 lp=351 herr=168 err=H:Error: H429
16:47:08 lists=10000/10530(95.0%) +0 hover=8243 +120 q=1618 lp=351 herr=186 err=H:Error: H429
16:47:52 lists=10000/10530(95.0%) +0 hover=8363 +120 q=1495 lp=351 herr=195 err=H:Error: H429
16:48:37 lists=10000/10530(95.0%) +0 hover=8486 +123 q=1366 lp=351 herr=207 err=H:Error: H429
16:49:23 lists=10000/10530(95.0%) +0 hover=8615 +129 q=1228 lp=351 herr=216 err=H:Error: H429
16:50:09 lists=10000/10530(95.0%) +0 hover=8747 +132 q=1075 lp=351 herr=237 err=H:Error: H429
16:50:53 lists=10000/10530(95.0%) +0 hover=8865 +118 q=937 lp=351 herr=249 err=H:Error: H429
16:51:38 lists=10000/10530(95.0%) +0 hover=8985 +120 q=796 lp=351 herr=270 err=H:Error: H429
