[     887ms] [INFO] Banner not shown: beforeinstallpromptevent.preventDefault() called. The page must call beforeinstallpromptevent.prompt() to show the banner. @ https://x.com/easportsfc:0
[    1492ms] [ERROR] Failed to load resource: net::ERR_CONNECTION_RESET @ https://pbs.twimg.com/profile_images/2073727796837298176/tPMQi1kc_x96.jpg:0
[    2508ms] [ERROR] Failed to load resource: net::ERR_CONNECTION_RESET @ https://video.twimg.com/amplify_video/2099543849228013570/aud/mp4a/0/3000/32000/F45ngmHrCuFzu0FG.m4s:0
[    2799ms] [ERROR] Failed to load resource: net::ERR_CONNECTION_RESET @ https://video.twimg.com/amplify_video/2080249034875265024/vid/avc1/0/3000/1080x1080/UEW6GSP4t6obm48l.m4s:0
[    2853ms] [ERROR] Failed to load resource: net::ERR_CONNECTION_RESET @ https://video.twimg.com/amplify_video/2080249034875265024/pl/avc1/720x720/7in70gD1iVZURZTM.m3u8:0
[    2905ms] [ERROR] Failed to load resource: net::ERR_CONNECTION_RESET @ https://video.twimg.com/amplify_video/2080249034875265024/pl/mp4a/64000/BkfElkIgFys9L6Oo.m3u8:0
[    2957ms] [ERROR] Failed to load resource: net::ERR_CONNECTION_RESET @ https://video.twimg.com/amplify_video/2080249034875265024/pl/avc1/540x540/2aM-T0B-VPIf9JJi.m3u8:0
[    3196ms] [ERROR] Failed to load resource: net::ERR_CONNECTION_RESET @ https://video.twimg.com/amplify_video/2080249034875265024/pl/mp4a/32000/U4fOfPfw27QF3cgO.m3u8:0
[    3240ms] [ERROR] Failed to load resource: net::ERR_CONNECTION_RESET @ https://video.twimg.com/amplify_video/2080249034875265024/pl/avc1/320x320/gDVc3aUOWeTUgJeo.m3u8:0
[    4250ms] [ERROR] Failed to load resource: net::ERR_CONNECTION_RESET @ https://video.twimg.com/amplify_video/2080249034875265024/pl/mp4a/32000/U4fOfPfw27QF3cgO.m3u8:0
[    5292ms] [ERROR] Failed to load resource: net::ERR_CONNECTION_RESET @ https://video.twimg.com/amplify_video/2080249034875265024/pl/avc1/320x320/gDVc3aUOWeTUgJeo.m3u8:0
[    8318ms] [ERROR] Failed to load resource: net::ERR_CONNECTION_RESET @ https://video.twimg.com/amplify_video/2080249034875265024/pl/mp4a/32000/U4fOfPfw27QF3cgO.m3u8:0
[    8793ms] [ERROR] Failed to load resource: net::ERR_CONNECTION_RESET @ https://video.twimg.com/amplify_video/2080249034875265024/vid/avc1/0/3000/1080x1080/UEW6GSP4t6obm48l.m4s:0
[    8846ms] [ERROR] Failed to load resource: net::ERR_CONNECTION_RESET @ https://video.twimg.com/amplify_video/2080249034875265024/pl/avc1/720x720/7in70gD1iVZURZTM.m3u8:0
[    8901ms] [ERROR] Failed to load resource: net::ERR_CONNECTION_RESET @ https://video.twimg.com/amplify_video/2080249034875265024/pl/mp4a/64000/BkfElkIgFys9L6Oo.m3u8:0
[    8960ms] [ERROR] Failed to load resource: net::ERR_CONNECTION_RESET @ https://video.twimg.com/amplify_video/2080249034875265024/pl/avc1/540x540/2aM-T0B-VPIf9JJi.m3u8:0
[    9014ms] [ERROR] Failed to load resource: net::ERR_CONNECTION_RESET @ https://video.twimg.com/amplify_video/2080249034875265024/pl/mp4a/32000/U4fOfPfw27QF3cgO.m3u8:0
[    9249ms] [ERROR] Failed to load resource: net::ERR_CONNECTION_RESET @ https://video.twimg.com/amplify_video/2080249034875265024/pl/avc1/320x320/gDVc3aUOWeTUgJeo.m3u8:0
[   10066ms] [ERROR] Failed to load resource: net::ERR_CONNECTION_RESET @ https://video.twimg.com/amplify_video/2080249034875265024/pl/mp4a/32000/U4fOfPfw27QF3cgO.m3u8:0
[   11365ms] [ERROR] Failed to load resource: net::ERR_CONNECTION_RESET @ https://video.twimg.com/amplify_video/2092658420591566848/vid/avc1/0/3000/720x720/DqUm3qwW9_6ZKZ3m.m4s:0
[   11409ms] [ERROR] Failed to load resource: net::ERR_CONNECTION_RESET @ https://video.twimg.com/amplify_video/2093322807547490304/pl/MDwIqb5AYZojoYzZ.m3u8?tag=14&v=cfc&variant_version=1:0
[   11410ms] [ERROR] Failed to load resource: net::ERR_CONNECTION_RESET @ https://video.twimg.com/amplify_video/2093353038857576449/pl/R34SBQwPeUXdxZWC.m3u8?tag=14&v=32c&variant_version=1:0
[   11418ms] [ERROR] Failed to load resource: net::ERR_CONNECTION_RESET @ https://video.twimg.com/amplify_video/2092658420591566848/pl/mp4a/64000/SnOpu29dDuAFAzaI.m3u8:0
[   11467ms] [ERROR] Failed to load resource: net::ERR_CONNECTION_RESET @ https://video.twimg.com/amplify_video/2092658420591566848/pl/avc1/540x540/UlJf8bcukIth92Fg.m3u8:0
[   11468ms] [ERROR] Failed to load resource: net::ERR_CONNECTION_RESET @ https://video.twimg.com/amplify_video/2093322807547490304/pl/MDwIqb5AYZojoYzZ.m3u8?tag=14&v=cfc&variant_version=1:0
[   11468ms] [ERROR] Failed to load resource: net::ERR_CONNECTION_RESET @ https://video.twimg.com/amplify_video/2093353038857576449/pl/R34SBQwPeUXdxZWC.m3u8?tag=14&v=32c&variant_version=1:0
[   11700ms] [ERROR] Failed to load resource: net::ERR_CONNECTION_RESET @ https://video.twimg.com/amplify_video/2092658420591566848/pl/mp4a/32000/Wm9pZL0G5lCyjrLb.m3u8:0
[   11934ms] [ERROR] Failed to load resource: net::ERR_CONNECTION_RESET @ https://video.twimg.com/amplify_video/2092658420591566848/pl/avc1/320x320/Fuhx6aTaDjOLfI2K.m3u8:0
[   12181ms] [ERROR] Failed to load resource: net::ERR_CONNECTION_RESET @ https://video.twimg.com/amplify_video/2091903461709246464/vid/avc1/0/3000/720x720/YYQX2UAoKH2vI0iM.m4s:0
[   12239ms] [ERROR] Failed to load resource: net::ERR_CONNECTION_RESET @ https://video.twimg.com/amplify_video/2091903461709246464/pl/mp4a/64000/S9YjHHjq6ZSxKGon.m3u8:0
[   12475ms] [ERROR] Failed to load resource: net::ERR_CONNECTION_RESET @ https://video.twimg.com/amplify_video/2091903461709246464/pl/avc1/540x540/FLirF0GavDJtuxXM.m3u8:0
[   12529ms] [ERROR] Failed to load resource: net::ERR_CONNECTION_RESET @ https://video.twimg.com/amplify_video/2093322807547490304/pl/MDwIqb5AYZojoYzZ.m3u8?tag=14&v=cfc&variant_version=1:0
[   12578ms] [ERROR] Failed to load resource: net::ERR_CONNECTION_RESET @ https://video.twimg.com/amplify_video/2093353038857576449/pl/R34SBQwPeUXdxZWC.m3u8?tag=14&v=32c&variant_version=1:0
[   12579ms] [ERROR] Failed to load resource: net::ERR_CONNECTION_RESET @ https://video.twimg.com/amplify_video/2091903461709246464/pl/mp4a/32000/gFLBw6Fz1BYcjYo6.m3u8:0
[   12579ms] [ERROR] Failed to load resource: net::ERR_CONNECTION_RESET @ https://video.twimg.com/amplify_video/2091903461709246464/pl/avc1/320x320/3eDY0ArMZzyv19xZ.m3u8:0
[   12750ms] [ERROR] Failed to load resource: net::ERR_CONNECTION_RESET @ https://video.twimg.com/amplify_video/2092658420591566848/pl/mp4a/32000/Wm9pZL0G5lCyjrLb.m3u8:0
[   13639ms] [ERROR] Failed to load resource: net::ERR_CONNECTION_RESET @ https://video.twimg.com/amplify_video/2091903461709246464/pl/mp4a/32000/gFLBw6Fz1BYcjYo6.m3u8:0
[   13991ms] [ERROR] Failed to load resource: net::ERR_CONNECTION_RESET @ https://video.twimg.com/amplify_video/2092658420591566848/pl/avc1/320x320/Fuhx6aTaDjOLfI2K.m3u8:0
[   14589ms] [ERROR] Failed to load resource: net::ERR_CONNECTION_RESET @ https://video.twimg.com/amplify_video/2093322807547490304/pl/MDwIqb5AYZojoYzZ.m3u8?tag=14&v=cfc&variant_version=1:0
[   14635ms] [ERROR] Failed to load resource: net::ERR_CONNECTION_RESET @ https://video.twimg.com/amplify_video/2093353038857576449/pl/R34SBQwPeUXdxZWC.m3u8?tag=14&v=32c&variant_version=1:0
[   14787ms] [ERROR] Failed to load resource: net::ERR_CONNECTION_RESET @ https://video.twimg.com/amplify_video/2091903461709246464/pl/avc1/320x320/3eDY0ArMZzyv19xZ.m3u8:0
